<html>
<body>
<pre>
<h1>µVision Build Log</h1>
<h2>Tool Versions:</h2>
IDE-Version: ÂµVision V5.43.1.0
Copyright (C) 2025 ARM Ltd and ARM Germany GmbH. All rights reserved.
License Information: 32 222, 333, LIC=----
 
Tool Versions:
Toolchain:       MDK-Lite  Version: 5.43.0.0
Toolchain Path:  C:\Users\21592\AppData\Local\Keil_v5\ARM\ARMCLANG\Bin
C Compiler:      ArmClang.exe V6.24
Assembler:       Armasm.exe V6.24
Linker/Locator:  ArmLink.exe V6.24
Library Manager: ArmAr.exe V6.24
Hex Converter:   FromElf.exe V6.24
CPU DLL:         SARMCM3.DLL V5.43.0.0
Dialog DLL:      DCM.DLL V1.17.5.0
Target DLL:      STLink\ST-LINKIII-KEIL_SWO.dll V3.3.1.0
Dialog DLL:      TCM.DLL V1.56.6.0
 
<h2>Project:</h2>
C:\Git\repositories\mini_scale\software\MDK-ARM\software.uvprojx
Project File Date:  08/15/2026

<h2>Output:</h2>
*** Using Compiler 'V6.24', folder: 'C:\Users\21592\AppData\Local\Keil_v5\ARM\ARMCLANG\Bin'
Rebuild target 'software'
assembling startup_stm32f103xb.s...
compiling adc.c...
compiling main.c...
compiling gpio.c...
compiling stm32f1xx_hal_cortex.c...
compiling stm32f1xx_it.c...
compiling stm32f1xx_hal_exti.c...
compiling stm32f1xx_hal_flash.c...
compiling stm32f1xx_hal.c...
compiling stm32f1xx_hal_gpio_ex.c...
compiling stm32f1xx_hal_rcc_ex.c...
compiling stm32f1xx_hal_adc_ex.c...
compiling stm32f1xx_hal_gpio.c...
compiling usart.c...
compiling stm32f1xx_hal_msp.c...
compiling tim.c...
compiling system_stm32f1xx.c...
compiling stm32f1xx_hal_pwr.c...
compiling jdy_slave.c...
compiling stm32f1xx_hal_dma.c...
compiling ds18b20.c...
compiling stm32f1xx_hal_flash_ex.c...
compiling stm32f1xx_hal_rcc.c...
compiling ADS1220.c...
compiling jdy_slave_tasks.c...
compiling stm32f1xx_hal_adc.c...
compiling jdy_slave_low_level.c...
compiling delay.c...
compiling stm32f1xx_hal_tim_ex.c...
compiling self_test.c...
compiling stm32f1xx_hal_uart.c...
compiling stm32f1xx_hal_tim.c...
compiling oled.c...
linking...
Program Size: Code=16392 RO-data=6944 RW-data=12 ZI-data=3036  
FromELF: creating hex file...
"software\software.axf" - 0 Error(s), 0 Warning(s).

<h2>Software Packages used:</h2>

Package Vendor: ARM
                https://www.keil.com/pack/ARM.CMSIS.6.2.0.pack
                ARM::CMSIS@6.2.0
                CMSIS (Common Microcontroller Software Interface Standard)
   * Component: CORE Version: 6.1.1

Package Vendor: Keil
                https://www.keil.com/pack/Keil.STM32F1xx_DFP.2.4.1.pack
                Keil::STM32F1xx_DFP@2.4.1
                STMicroelectronics STM32F1 Series Device Support, Drivers and Examples

<h2>Collection of Component include folders:</h2>
  ./RTE/_software
  C:/Users/21592/AppData/Local/Arm/Packs/ARM/CMSIS/6.2.0/CMSIS/Core/Include
  C:/Users/21592/AppData/Local/Arm/Packs/Keil/STM32F1xx_DFP/2.4.1/Device/Include

<h2>Collection of Component Files used:</h2>

   * Component: ARM::CMSIS:CORE@6.1.1
      Include file:  CMSIS/Core/Include/tz_context.h
Build Time Elapsed:  00:00:02
</pre>
</body>
</html>
